[demo2.madrasthemes.com/bookworm-html/redesigned-octo-fiesta/html-demo/shop/single-product-v1.html]
[backblue.gif]
[fade.gif]
[index.html]
[demo2.madrasthemes.com/bookworm-html/redesigned-octo-fiesta/assets/img/favicon.png]
[demo2.madrasthemes.com/bookworm-html/redesigned-octo-fiesta/assets/vendor/font-awesome/css/fontawesome-all.min.css]
[demo2.madrasthemes.com/bookworm-html/redesigned-octo-fiesta/assets/vendor/flaticon/font/flaticon.css]
[demo2.madrasthemes.com/bookworm-html/redesigned-octo-fiesta/assets/vendor/animate.css/animate.css]
[demo2.madrasthemes.com/bookworm-html/redesigned-octo-fiesta/assets/vendor/fancybox/jquery.fancybox.css]
[demo2.madrasthemes.com/bookworm-html/redesigned-octo-fiesta/assets/vendor/bootstrap-select/dist/css/bootstrap-select.min.css]
[demo2.madrasthemes.com/bookworm-html/redesigned-octo-fiesta/assets/vendor/slick-carousel/slick/slick.css]
[demo2.madrasthemes.com/bookworm-html/redesigned-octo-fiesta/assets/vendor/malihu-custom-scrollbar-plugin/jquery.mCustomScrollbar.css]
[demo2.madrasthemes.com/bookworm-html/redesigned-octo-fiesta/assets/css/theme.css]
[demo2.madrasthemes.com/bookworm-html/redesigned-octo-fiesta/html-demo/shop/v1.html]
[demo2.madrasthemes.com/bookworm-html/redesigned-octo-fiesta/html-demo/shop/v2.html]
[demo2.madrasthemes.com/bookworm-html/redesigned-octo-fiesta/html-demo/shop/v3.html]
[demo2.madrasthemes.com/bookworm-html/redesigned-octo-fiesta/html-demo/shop/v4.html]
[demo2.madrasthemes.com/bookworm-html/redesigned-octo-fiesta/html-demo/shop/v5.html]
[demo2.madrasthemes.com/bookworm-html/redesigned-octo-fiesta/html-demo/shop/v6.html]
[demo2.madrasthemes.com/bookworm-html/redesigned-octo-fiesta/html-demo/shop/v7.html]
[demo2.madrasthemes.com/bookworm-html/redesigned-octo-fiesta/html-demo/shop/v8.html]
[demo2.madrasthemes.com/bookworm-html/redesigned-octo-fiesta/html-demo/shop/v9.html]
[demo2.madrasthemes.com/bookworm-html/redesigned-octo-fiesta/html-demo/shop/single-product-v2.html]
[demo2.madrasthemes.com/bookworm-html/redesigned-octo-fiesta/html-demo/shop/single-product-v3.html]
[demo2.madrasthemes.com/bookworm-html/redesigned-octo-fiesta/html-demo/shop/single-product-v4.html]
[demo2.madrasthemes.com/bookworm-html/redesigned-octo-fiesta/html-demo/shop/single-product-v5.html]
[demo2.madrasthemes.com/bookworm-html/redesigned-octo-fiesta/html-demo/shop/single-product-v6.html]
[demo2.madrasthemes.com/bookworm-html/redesigned-octo-fiesta/html-demo/shop/single-product-v7.html]
[demo2.madrasthemes.com/bookworm-html/redesigned-octo-fiesta/html-demo/shop/checkout.html]
[demo2.madrasthemes.com/bookworm-html/redesigned-octo-fiesta/html-demo/shop/cart.html]
[demo2.madrasthemes.com/bookworm-html/redesigned-octo-fiesta/html-demo/shop/single-product-v1.html]
[demo2.madrasthemes.com/bookworm-html/redesigned-octo-fiesta/assets/vendor/font-awesome/css/fontawesome-all.min.css]
[demo2.madrasthemes.com/bookworm-html/redesigned-octo-fiesta/assets/vendor/flaticon/font/flaticon.css]
[demo2.madrasthemes.com/bookworm-html/redesigned-octo-fiesta/assets/vendor/animate.css/animate.css]
[demo2.madrasthemes.com/bookworm-html/redesigned-octo-fiesta/assets/vendor/fancybox/jquery.fancybox.css]
[demo2.madrasthemes.com/bookworm-html/redesigned-octo-fiesta/assets/vendor/bootstrap-select/dist/css/bootstrap-select.min.css]
[demo2.madrasthemes.com/bookworm-html/redesigned-octo-fiesta/assets/vendor/slick-carousel/slick/slick.css]
[demo2.madrasthemes.com/bookworm-html/redesigned-octo-fiesta/assets/vendor/malihu-custom-scrollbar-plugin/jquery.mCustomScrollbar.css]
[demo2.madrasthemes.com/bookworm-html/redesigned-octo-fiesta/assets/css/theme.css]
[demo2.madrasthemes.com/bookworm-html/redesigned-octo-fiesta/html-demo/shop/v1.html]
[demo2.madrasthemes.com/bookworm-html/redesigned-octo-fiesta/html-demo/shop/v2.html]
[demo2.madrasthemes.com/bookworm-html/redesigned-octo-fiesta/html-demo/shop/v3.html]
[demo2.madrasthemes.com/bookworm-html/redesigned-octo-fiesta/html-demo/shop/v4.html]
[demo2.madrasthemes.com/bookworm-html/redesigned-octo-fiesta/html-demo/shop/v5.html]
[demo2.madrasthemes.com/bookworm-html/redesigned-octo-fiesta/html-demo/shop/v6.html]
[demo2.madrasthemes.com/bookworm-html/redesigned-octo-fiesta/html-demo/shop/v7.html]
[demo2.madrasthemes.com/bookworm-html/redesigned-octo-fiesta/assets/img/1920x840/img1.jpg]
[demo2.madrasthemes.com/bookworm-html/redesigned-octo-fiesta/html-demo/shop/v8.html]
[demo2.madrasthemes.com/bookworm-html/redesigned-octo-fiesta/assets/vendor/hs-megamenu/src/hs.megamenu.css]
[demo2.madrasthemes.com/bookworm-html/redesigned-octo-fiesta/html-demo/shop/v9.html]
[demo2.madrasthemes.com/bookworm-html/redesigned-octo-fiesta/assets/img/300x452/img2.jpg]
[demo2.madrasthemes.com/bookworm-html/redesigned-octo-fiesta/html-demo/shop/single-product-v2.html]
[demo2.madrasthemes.com/bookworm-html/redesigned-octo-fiesta/assets/img/300x452/img3.jpg]
[demo2.madrasthemes.com/bookworm-html/redesigned-octo-fiesta/assets/img120x180/img1.69.delayed]
[demo2.madrasthemes.com/bookworm-html/redesigned-octo-fiesta/assets/img120x180/img2.jpg]
[demo2.madrasthemes.com/bookworm-html/redesigned-octo-fiesta/assets/img120x180/img3.jpg]
[demo2.madrasthemes.com/bookworm-html/redesigned-octo-fiesta/assets/img120x180/img4.jpg]
[demo2.madrasthemes.com/bookworm-html/redesigned-octo-fiesta/assets/img120x180/img5.jpg]
[demo2.madrasthemes.com/bookworm-html/redesigned-octo-fiesta/assets/img120x180/img6.jpg]
[demo2.madrasthemes.com/bookworm-html/redesigned-octo-fiesta/assets/img120x180/img7.jpg]
[demo2.madrasthemes.com/bookworm-html/redesigned-octo-fiesta/assets/img120x180/img8.jpg]
[demo2.madrasthemes.com/bookworm-html/redesigned-octo-fiesta/html-demo/shop/single-product-v3.html]
[demo2.madrasthemes.com/bookworm-html/redesigned-octo-fiesta/assets/img/300x452/img4.jpg]
[demo2.madrasthemes.com/bookworm-html/redesigned-octo-fiesta/html-demo/shop/single-product-v4.html]
[demo2.madrasthemes.com/bookworm-html/redesigned-octo-fiesta/assets/img/300x452/img5.jpg]
[demo2.madrasthemes.com/bookworm-html/redesigned-octo-fiesta/html-demo/shop/single-product-v5.html]
[demo2.madrasthemes.com/bookworm-html/redesigned-octo-fiesta/assets/img/300x452/img6.jpg]
[demo2.madrasthemes.com/bookworm-html/redesigned-octo-fiesta/html-demo/shop/single-product-v6.html]
[demo2.madrasthemes.com/bookworm-html/redesigned-octo-fiesta/assets/img/300x452/img7.jpg]
[demo2.madrasthemes.com/bookworm-html/redesigned-octo-fiesta/assets/img/120180/img1.jpg]
[demo2.madrasthemes.com/bookworm-html/redesigned-octo-fiesta/assets/img/120180/img2.jpg]
[demo2.madrasthemes.com/bookworm-html/redesigned-octo-fiesta/assets/img/120180/img3.jpg]
[demo2.madrasthemes.com/bookworm-html/redesigned-octo-fiesta/assets/img/120180/img4.jpg]
[demo2.madrasthemes.com/bookworm-html/redesigned-octo-fiesta/assets/img/120180/img5.jpg]
[demo2.madrasthemes.com/bookworm-html/redesigned-octo-fiesta/assets/img/120180/img6.jpg]
[demo2.madrasthemes.com/bookworm-html/redesigned-octo-fiesta/assets/img/120180/img7.jpg]
[demo2.madrasthemes.com/bookworm-html/redesigned-octo-fiesta/assets/img/120180/img8.jpg]
[demo2.madrasthemes.com/bookworm-html/redesigned-octo-fiesta/html-demo/shop/single-product-v7.html]
[demo2.madrasthemes.com/bookworm-html/redesigned-octo-fiesta/assets/img/90x138/img1.jpg]
[demo2.madrasthemes.com/bookworm-html/redesigned-octo-fiesta/assets/img/90x138/img2.jpg]
[demo2.madrasthemes.com/bookworm-html/redesigned-octo-fiesta/assets/img/90x138/img3.jpg]
[demo2.madrasthemes.com/bookworm-html/redesigned-octo-fiesta/html-demo/shop/cart.html]
[demo2.madrasthemes.com/bookworm-html/redesigned-octo-fiesta/html-demo/shop/checkout.html]
[demo2.madrasthemes.com/bookworm-html/redesigned-octo-fiesta/html-demo/shop/my-account.html]
[demo2.madrasthemes.com/bookworm-html/redesigned-octo-fiesta/html-demo/shop/order-received.html]
[demo2.madrasthemes.com/bookworm-html/redesigned-octo-fiesta/assets/img/120x180/img6.jpg]
[demo2.madrasthemes.com/bookworm-html/redesigned-octo-fiesta/assets/img/280x213/img1.png]
[demo2.madrasthemes.com/bookworm-html/redesigned-octo-fiesta/html-demo/shop/store-location.html]
[demo2.madrasthemes.com/bookworm-html/redesigned-octo-fiesta/assets/img/300x452/img1.jpg]
[demo2.madrasthemes.com/bookworm-html/redesigned-octo-fiesta/assets/img/120x180/img1.jpg]
[demo2.madrasthemes.com/bookworm-html/redesigned-octo-fiesta/assets/img/120x180/img3.jpg]
[demo2.madrasthemes.com/bookworm-html/redesigned-octo-fiesta/assets/img/120x180/img4.jpg]
[demo2.madrasthemes.com/bookworm-html/redesigned-octo-fiesta/assets/img/120x180/img5.jpg]
[demo2.madrasthemes.com/bookworm-html/redesigned-octo-fiesta/assets/img/120x180/img7.jpg]
[demo2.madrasthemes.com/bookworm-html/redesigned-octo-fiesta/assets/img/120x180/img8.jpg]
[demo2.madrasthemes.com/bookworm-html/redesigned-octo-fiesta/assets/vendor/jquery/dist/jquery.min.js]
[demo2.madrasthemes.com/bookworm-html/redesigned-octo-fiesta/assets/vendor/jquery-migrate/dist/jquery-migrate.min.js]
[demo2.madrasthemes.com/bookworm-html/redesigned-octo-fiesta/assets/vendor/popper.js/dist/umd/popper.min.js]
[demo2.madrasthemes.com/bookworm-html/redesigned-octo-fiesta/assets/vendor/bootstrap/bootstrap.min.js]
[demo2.madrasthemes.com/bookworm-html/redesigned-octo-fiesta/html-demo/shop/order-tracking.html]
[demo2.madrasthemes.com/bookworm-html/redesigned-octo-fiesta/assets/vendor/fancybox/jquery.fancybox.min.js]
[demo2.madrasthemes.com/bookworm-html/redesigned-octo-fiesta/assets/vendor/multilevel-sliding-mobile-menu/dist/jquery.zeynep.js]
[demo2.madrasthemes.com/bookworm-html/redesigned-octo-fiesta/assets/vendor/hs-megamenu/src/hs.megamenu.js]
[demo2.madrasthemes.com/bookworm-html/redesigned-octo-fiesta/assets/vendor/bootstrap-select/dist/js/bootstrap-select.min.js]
[demo2.madrasthemes.com/bookworm-html/redesigned-octo-fiesta/assets/vendor/malihu-custom-scrollbar-plugin/jquery.mCustomScrollbar.concat.min.js]
[demo2.madrasthemes.com/bookworm-html/redesigned-octo-fiesta/assets/vendor/slick-carousel/slick/slick.min.js]
[demo2.madrasthemes.com/bookworm-html/redesigned-octo-fiesta/assets/js/hs.core.js]
[demo2.madrasthemes.com/bookworm-html/redesigned-octo-fiesta/assets/js/components/hs.unfold.js]
[demo2.madrasthemes.com/bookworm-html/redesigned-octo-fiesta/assets/img/120x180/img2.jpg]
[demo2.madrasthemes.com/bookworm-html/redesigned-octo-fiesta/assets/js/components/hs.malihu-scrollbar.js]
[demo2.madrasthemes.com/bookworm-html/redesigned-octo-fiesta/assets/js/components/hs.slick-carousel.js]
[demo2.madrasthemes.com/bookworm-html/redesigned-octo-fiesta/assets/img/324x38/img1.png]
[demo2.madrasthemes.com/bookworm-html/redesigned-octo-fiesta/assets/js/components/hs.selectpicker.js]
[demo2.madrasthemes.com/bookworm-html/redesigned-octo-fiesta/assets/js/components/hs.fancybox.js]
[demo2.madrasthemes.com/bookworm-html/redesigned-octo-fiesta/assets/js/components/hs.show-animation.js]
[demo2.madrasthemes.com/bookworm-html/redesigned-octo-fiesta/assets/js/components/hs.quantity-counter.js]
[demo2.madrasthemes.com/bookworm-html/redesigned-octo-fiesta/assets/js/components/hs.scroll-nav.js]
[demo2.madrasthemes.com/bookworm-html/redesigned-octo-fiesta/assets/vendor/flaticon/font/Flaticond41d.eot]
[demo2.madrasthemes.com/bookworm-html/redesigned-octo-fiesta/assets/vendor/appear.js]
[demo2.madrasthemes.com/bookworm-html/redesigned-octo-fiesta/assets/vendor/flaticon/font/Flaticon.woff]
[demo2.madrasthemes.com/bookworm-html/redesigned-octo-fiesta/assets/vendor/flaticon/font/Flaticon.svg]
[demo2.madrasthemes.com/bookworm-html/redesigned-octo-fiesta/assets/vendor/flaticon/font/Flaticon.ttf]
[demo2.madrasthemes.com/bookworm-html/redesigned-octo-fiesta/assets/img/150x226/img6.jpg]
[demo2.madrasthemes.com/bookworm-html/redesigned-octo-fiesta/assets/js/components/hs.onscroll-animation.js]
[demo2.madrasthemes.com/bookworm-html/redesigned-octo-fiesta/assets/img/150x226/img1.jpg]
[demo2.madrasthemes.com/bookworm-html/redesigned-octo-fiesta/assets/img/150x226/img2.jpg]
[demo2.madrasthemes.com/bookworm-html/redesigned-octo-fiesta/assets/img/150x226/img3.jpg]
[demo2.madrasthemes.com/bookworm-html/redesigned-octo-fiesta/assets/img/150x226/img4.jpg]
[demo2.madrasthemes.com/bookworm-html/redesigned-octo-fiesta/assets/img/150x226/img5.jpg]
[demo2.madrasthemes.com/bookworm-html/redesigned-octo-fiesta/assets/vendor/flaticon/font/Flaticon.eot]
[demo2.madrasthemes.com/bookworm-html/redesigned-octo-fiesta/assets/img/150x226/img7.jpg]
[demo2.madrasthemes.com/bookworm-html/redesigned-octo-fiesta/assets/img/150x226/img9.jpg]
[demo2.madrasthemes.com/bookworm-html/redesigned-octo-fiesta/assets/img/150x226/img10.jpg]
[demo2.madrasthemes.com/bookworm-html/redesigned-octo-fiesta/assets/img/150x226/img8.jpg]
[demo2.madrasthemes.com/bookworm-html/redesigned-octo-fiesta/assets/img/60x92/img3.jpg]
[demo2.madrasthemes.com/bookworm-html/redesigned-octo-fiesta/assets/js/components/hs.header.js]
[demo2.madrasthemes.com/bookworm-html/redesigned-octo-fiesta/assets/img/1920x600/img1.jpg]
[demo2.madrasthemes.com/bookworm-html/redesigned-octo-fiesta/assets/img/500x423/img1.png]
[demo2.madrasthemes.com/bookworm-html/redesigned-octo-fiesta/html-demo/shop/s/shop/v4.html]
[demo2.madrasthemes.com/bookworm-html/redesigned-octo-fiesta/html-demo/shop//shop/single-product-v3html]
[demo2.madrasthemes.com/bookworm-html/redesigned-octo-fiesta/assets/img/295x453/img1.jpg]
[demo2.madrasthemes.com/bookworm-html/redesigned-octo-fiesta/assets/img/120x180/img9.jpg]
[demo2.madrasthemes.com/bookworm-html/redesigned-octo-fiesta/assets/vendor/malihu-custom-scrollbar-plugin/mCSB_buttons.png]
[demo2.madrasthemes.com/bookworm-html/redesigned-octo-fiesta/assets/img/290x434/img6.jpg]
[demo2.madrasthemes.com/bookworm-html/redesigned-octo-fiesta/assets/img/60x92/img2.jpg]
[demo2.madrasthemes.com/bookworm-html/redesigned-octo-fiesta/assets/img/60x92/img1.jpg]
[demo2.madrasthemes.com/bookworm-html/redesigned-octo-fiesta/assets/img/290x434/img1.jpg]
[demo2.madrasthemes.com/bookworm-html/redesigned-octo-fiesta/assets/img/290x434/img2.jpg]
[demo2.madrasthemes.com/bookworm-html/redesigned-octo-fiesta/assets/img/290x434/img3.jpg]
[demo2.madrasthemes.com/bookworm-html/redesigned-octo-fiesta/assets/img/290x434/img4.jpg]
[demo2.madrasthemes.com/bookworm-html/redesigned-octo-fiesta/assets/img/290x434/img5.jpg]
[demo2.madrasthemes.com/bookworm-html/redesigned-octo-fiesta/assets/img/290x434/img7.jpg]
[demo2.madrasthemes.com/bookworm-html/redesigned-octo-fiesta/assets/img/290x434/img9.jpg]
[demo2.madrasthemes.com/bookworm-html/redesigned-octo-fiesta/assets/img/290x434/img8.jpg]
[demo2.madrasthemes.com/bookworm-html/redesigned-octo-fiesta/assets/img/290x434/img10.jpg]
[demo2.madrasthemes.com/bookworm-html/redesigned-octo-fiesta/assets/vendor/hs-megamenu/src/hs.megamenu.css]
[demo2.madrasthemes.com/bookworm-html/redesigned-octo-fiesta/assets/img120x180/img1.html]
[demo2.madrasthemes.com/bookworm-html/redesigned-octo-fiesta/assets/img120x180/img2.html]
[demo2.madrasthemes.com/bookworm-html/redesigned-octo-fiesta/assets/img120x180/img3.html]
[demo2.madrasthemes.com/bookworm-html/redesigned-octo-fiesta/assets/img120x180/img4.html]
[demo2.madrasthemes.com/bookworm-html/redesigned-octo-fiesta/assets/img120x180/img5.html]
[demo2.madrasthemes.com/bookworm-html/redesigned-octo-fiesta/assets/img120x180/img6.html]
[demo2.madrasthemes.com/bookworm-html/redesigned-octo-fiesta/assets/img120x180/img7.html]
[demo2.madrasthemes.com/bookworm-html/redesigned-octo-fiesta/assets/img120x180/img8.html]
[demo2.madrasthemes.com/bookworm-html/redesigned-octo-fiesta/assets/img/120180/img1.html]
[demo2.madrasthemes.com/bookworm-html/redesigned-octo-fiesta/assets/img/120180/img2.html]
[demo2.madrasthemes.com/bookworm-html/redesigned-octo-fiesta/assets/img/120180/img3.html]
[demo2.madrasthemes.com/bookworm-html/redesigned-octo-fiesta/assets/img/120180/img4.html]
[demo2.madrasthemes.com/bookworm-html/redesigned-octo-fiesta/assets/img/120180/img5.html]
[demo2.madrasthemes.com/bookworm-html/redesigned-octo-fiesta/assets/img/120180/img6.html]
[demo2.madrasthemes.com/bookworm-html/redesigned-octo-fiesta/assets/img/120180/img7.html]
[demo2.madrasthemes.com/bookworm-html/redesigned-octo-fiesta/assets/img/120180/img8.html]
[demo2.madrasthemes.com/bookworm-html/redesigned-octo-fiesta/assets/img/120x180/img10.jpg]
[demo2.madrasthemes.com/bookworm-html/redesigned-octo-fiesta/assets/img/90x138/img4.jpg]
[demo2.madrasthemes.com/bookworm-html/redesigned-octo-fiesta/html-demo/shop/my-account.html]
[demo2.madrasthemes.com/bookworm-html/redesigned-octo-fiesta/html-demo/shop/order-received.html]
[demo2.madrasthemes.com/bookworm-html/redesigned-octo-fiesta/html-demo/shop/order-tracking.html]
[demo2.madrasthemes.com/bookworm-html/redesigned-octo-fiesta/html-demo/shop/store-location.html]
[demo2.madrasthemes.com/bookworm-html/redesigned-octo-fiesta/assets/vendor/flaticon/font/Flaticon.woff2]
[demo2.madrasthemes.com/bookworm-html/redesigned-octo-fiesta/assets/vendor/flaticon/font/Flaticon.svg]
[demo2.madrasthemes.com/bookworm-html/redesigned-octo-fiesta/html-demo/shop/s/shop/v4.html]
[demo2.madrasthemes.com/bookworm-html/redesigned-octo-fiesta/html-demo/shop//shop/single-product-v3html]
